Error : Mat::min(): object has no elements

warning: eig_sym(): given matrix is not symmetric
Error : Mat::min(): object has no elements
Error : Mat::min(): object has no elements
Error : Mat::min(): object has no elements

warning: eig_sym(): given matrix is not symmetric

warning: eig_sym(): given matrix is not symmetric
Computing Variance Component Estimates...
Sigma^2_A     log-lik     RSS
Using 62 CPU cores
Computing Variance Component Estimates...
Sigma^2_A     log-lik     RSS
Using 62 CPU cores
Computing Variance Component Estimates...
Sigma^2_A     log-lik     RSS
Using 62 CPU cores
Computing Variance Component Estimates...
Sigma^2_A     log-lik     RSS
Updating WorkingY Vector...
Computing Variance Component Estimates...
Sigma^2_A     log-lik     RSS
Updating WorkingY Vector...
Computing Variance Component Estimates...
Sigma^2_A     log-lik     RSS
Updating WorkingY Vector...
Computing Variance Component Estimates...
Sigma^2_A     log-lik     RSS
Updating WorkingY Vector...
Computing Variance Component Estimates...
Sigma^2_A     log-lik     RSS
Updating WorkingY Vector...
Computing Variance Component Estimates...
Sigma^2_A     log-lik     RSS
Updating WorkingY Vector...
Computing Variance Component Estimates...
Sigma^2_A     log-lik     RSS
Updating WorkingY Vector...
Computing Variance Component Estimates...
Sigma^2_A     log-lik     RSS
Updating WorkingY Vector...
Computing Variance Component Estimates...
Sigma^2_A     log-lik     RSS
Updating WorkingY Vector...
Computing Variance Component Estimates...
Sigma^2_A     log-lik     RSS
Using 62 CPU cores
