[1] "###########################################"
[1] "### Analyzing YEN = 2021:Burlington:AYN ###"
[1] "###########################################"
[1] "##################"
[1] "### Trait = GY ###"
[1] "##################"
iteration    LogLik     wall    cpu(sec)   restrained
    1      -24.6666   16:33:22      0           0
    2      -11.1283   16:33:22      0           0
    3      -10.9986   16:33:23      1           0
    4      -10.9954   16:33:23      1           0
    5      -10.9947   16:33:23      1           0
    6      -10.9946   16:33:23      1           0
    7      -10.9946   16:33:23      1           0
[1] "##################"
[1] "### Trait = TW ###"
[1] "##################"
iteration    LogLik     wall    cpu(sec)   restrained
    1      -22.5443   16:33:24      0           0
    2      -9.99168   16:33:24      0           0
    3      -9.42449   16:33:24      0           0
    4      -9.40876   16:33:25      1           0
    5      -9.37998   16:33:25      1           0
    6      -9.3698   16:33:25      1           0
    7      -9.35615   16:33:25      1           0
    8      -9.35022   16:33:25      1           0
    9      -9.34368   16:33:26      2           0
    10      -9.3404   16:33:26      2           0
    11      -9.33724   16:33:26      2           0
    12      -9.33548   16:33:26      2           0
    13      -9.33394   16:33:26      2           0
    14      -9.33302   16:33:26      2           0
    15      -9.33226   16:33:27      3           0
    16      -9.33178   16:33:27      3           0
    17      -9.3314   16:33:27      3           0
    18      -9.33116   16:33:27      3           0
    19      -9.33097   16:33:27      3           0
    20      -9.33084   16:33:27      3           0
    21      -9.33075   16:33:28      4           0
[1] "#####################"
[1] "### Trait = Virus ###"
[1] "#####################"
iteration    LogLik     wall    cpu(sec)   restrained
    1      6.90654   16:33:28      0           1
    2      6.96361   16:33:29      1           1
    3      6.96361   16:33:29      1           1
    4      6.96361   16:33:29      1           1
[1] "#################################################"
[1] "### Analyzing YEN = 2021:Burlington:CSU Elite ###"
[1] "#################################################"
[1] "##################"
[1] "### Trait = GY ###"
[1] "##################"
iteration    LogLik     wall    cpu(sec)   restrained
    1      5.51417   16:33:29      0           0
    2      5.95018   16:33:29      0           0
    3      6.21817   16:33:29      0           0
    4      6.29168   16:33:29      0           0
    5      6.29546   16:33:29      0           0
    6      6.29555   16:33:29      0           0
[1] "##################"
[1] "### Trait = TW ###"
[1] "##################"
iteration    LogLik     wall    cpu(sec)   restrained
    1      6.03446   16:33:30      0           0
    2      8.1792   16:33:30      0           0
    3      8.78531   16:33:30      0           0
    4      8.8597   16:33:30      0           0
    5      8.86036   16:33:30      0           0
    6      8.86036   16:33:30      0           0
[1] "#####################"
[1] "### Trait = Virus ###"
[1] "#####################"
iteration    LogLik     wall    cpu(sec)   restrained
    1      24.5779   16:33:30      0           0
    2      25.9019   16:33:30      0           0
    3      26.3058   16:33:30      0           0
    4      26.3591   16:33:30      0           0
    5      26.3617   16:33:30      0           0
    6      26.3618   16:33:30      0           0
    7      26.3618   16:33:30      0           0
[1] "#############################################"
[1] "### Analyzing YEN = 2021:Burlington:AYND1 ###"
[1] "#############################################"
[1] "##################"
[1] "### Trait = GY ###"
[1] "##################"
iteration    LogLik     wall    cpu(sec)   restrained
    1      3.68186   16:33:30      0           0
    2      5.22634   16:33:31      1           0
    3      5.49651   16:33:31      1           0
    4      5.50317   16:33:31      1           0
    5      5.5032   16:33:31      1           0
[1] "##################"
[1] "### Trait = TW ###"
[1] "##################"
iteration    LogLik     wall    cpu(sec)   restrained
    1      -0.731213   16:33:32      0           0
    2      2.31408   16:33:32      0           0
    3      2.91835   16:33:32      0           0
    4      2.94851   16:33:32      0           0
    5      2.94855   16:33:33      1           0
[1] "#####################"
[1] "### Trait = Virus ###"
[1] "#####################"
iteration    LogLik     wall    cpu(sec)   restrained
    1      -18.8067   16:33:33      0           0
    2      -18.799   16:33:34      1           0
    3      -18.796   16:33:34      1           0
    4      -18.7956   16:33:34      1           0
    5      -18.7955   16:33:34      1           0
[1] "###########################################"
[1] "### Analyzing YEN = 2021:Burlington:PYN ###"
[1] "###########################################"
[1] "##################"
[1] "### Trait = GY ###"
[1] "##################"
iteration    LogLik     wall    cpu(sec)   restrained
    1      -43.3201   16:33:38      3           0
    2      -6.84535   16:33:40      5           0
    3      0.791298   16:33:43      8           0
    4      1.0172   16:33:45      10           0
    5      1.01731   16:33:48      13           0
    6      1.01731   16:33:51      16           0
[1] "##################"
[1] "### Trait = TW ###"
[1] "##################"
iteration    LogLik     wall    cpu(sec)   restrained
    1      -52.2941   16:33:56      3           0
    2      -29.872   16:33:59      6           0
    3      -27.4303   16:34:1      8           0
    4      -27.4159   16:34:4      11           0
    5      -27.4155   16:34:6      13           0
    6      -27.4155   16:34:9      16           0
[1] "#####################"
[1] "### Trait = Virus ###"
[1] "#####################"
iteration    LogLik     wall    cpu(sec)   restrained
    1      -63.4669   16:34:15      4           0
    2      -61.2541   16:34:17      6           0
    3      -61.0003   16:34:20      9           0
    4      -60.9932   16:34:22      11           0
    5      -60.9932   16:34:25      14           0
[1] "################################################"
[1] "### Analyzing YEN = 2022:Julesburg:CSU Elite ###"
[1] "################################################"
[1] "##################"
[1] "### Trait = GY ###"
[1] "##################"
iteration    LogLik     wall    cpu(sec)   restrained
    1      -12.0507   16:34:28      0           0
    2      -11.7452   16:34:28      0           0
    3      -11.5881   16:34:28      0           0
    4      -11.5658   16:34:28      0           0
    5      -11.5658   16:34:28      0           0
[1] "##################"
[1] "### Trait = TW ###"
[1] "##################"
iteration    LogLik     wall    cpu(sec)   restrained
    1      2.45445   16:34:28      0           0
    2      5.34495   16:34:28      0           0
    3      5.35101   16:34:28      0           0
    4      5.35119   16:34:28      0           0
    5      5.35124   16:34:28      0           0
[1] "#####################"
[1] "### Trait = Virus ###"
[1] "#####################"
iteration    LogLik     wall    cpu(sec)   restrained
    1      -15.3634   16:34:28      0           0
    2      -15.2177   16:34:28      0           0
    3      -15.2164   16:34:28      0           0
    4      -15.2163   16:34:28      0           0
[1] "###########################################"
[1] "### Analyzing YEN = 2022:Julesburg:SRPN ###"
[1] "###########################################"
[1] "##################"
[1] "### Trait = GY ###"
[1] "##################"
iteration    LogLik     wall    cpu(sec)   restrained
    1      2.18799   16:34:28      0           1
    2      7.39177   16:34:28      0           0
    3      7.40122   16:34:28      0           0
    4      7.39965   16:34:28      0           0
[1] "##################"
[1] "### Trait = TW ###"
[1] "##################"
iteration    LogLik     wall    cpu(sec)   restrained
    1      7.52903   16:34:28      0           0
    2      7.61616   16:34:28      0           0
    3      7.65787   16:34:28      0           0
    4      7.66709   16:34:28      0           0
    5      7.66775   16:34:28      0           0
    6      7.6678   16:34:28      0           0
[1] "#####################"
[1] "### Trait = Virus ###"
[1] "#####################"
iteration    LogLik     wall    cpu(sec)   restrained
    1      -12.7516   16:34:28      0           0
    2      -11.8048   16:34:29      1           0
    3      -11.3354   16:34:29      1           0
    4      -11.2484   16:34:29      1           0
    5      -11.2459   16:34:29      1           0
    6      -11.2459   16:34:29      1           0
[1] "#################################################"
[1] "### Analyzing YEN = 2023:Burlington:CSU Elite ###"
[1] "#################################################"
[1] "##################"
[1] "### Trait = GY ###"
[1] "##################"
iteration    LogLik     wall    cpu(sec)   restrained
    1      -5.00526   16:34:29      0           0
    2      -3.75287   16:34:29      0           0
    3      -3.74103   16:34:29      0           0
    4      -3.74088   16:34:29      0           0
    5      -3.74085   16:34:29      0           0
[1] "##################"
[1] "### Trait = TW ###"
[1] "##################"
iteration    LogLik     wall    cpu(sec)   restrained
    1      10.0309   16:34:29      0           0
    2      10.0361   16:34:29      0           0
    3      10.0375   16:34:29      0           0
    4      10.0376   16:34:29      0           0
[1] "#####################"
[1] "### Trait = Virus ###"
[1] "#####################"
iteration    LogLik     wall    cpu(sec)   restrained
    1      22.0401   16:34:29      0           0
    2      22.0434   16:34:29      0           0
    3      22.0449   16:34:29      0           0
    4      22.0452   16:34:29      0           0
    5      22.0452   16:34:29      0           0
[1] "############################################"
[1] "### Analyzing YEN = 2023:Lamar:CSU Elite ###"
[1] "############################################"
[1] "#####################"
[1] "### Trait = Virus ###"
[1] "#####################"
iteration    LogLik     wall    cpu(sec)   restrained
    1      -13.3045   16:34:29      0           0
    2      -13.0071   16:34:29      0           0
    3      -12.936   16:34:29      0           0
    4      -12.9309   16:34:29      0           0
    5      -12.9309   16:34:29      0           0
[1] "###########################################"
[1] "### Analyzing YEN = 2023:Burlington:AYN ###"
[1] "###########################################"
[1] "##################"
[1] "### Trait = GY ###"
[1] "##################"
iteration    LogLik     wall    cpu(sec)   restrained
    1      -3.44787   16:34:30      0           0
    2      -1.97306   16:34:30      0           0
    3      -1.96405   16:34:30      0           0
    4      -1.96395   16:34:30      0           0
    5      -1.96393   16:34:31      1           0
[1] "##################"
[1] "### Trait = TW ###"
[1] "##################"
iteration    LogLik     wall    cpu(sec)   restrained
    1      5.94626   16:34:31      0           0
    2      8.97011   16:34:31      0           0
    3      9.15085   16:34:32      1           0
    4      9.15716   16:34:32      1           0
    5      9.16501   16:34:32      1           0
    6      9.1694   16:34:32      1           0
    7      9.17441   16:34:32      1           0
    8      9.17741   16:34:32      1           0
    9      9.18061   16:34:33      2           0
    10      9.18264   16:34:33      2           0
    11      9.18468   16:34:33      2           0
    12      9.18604   16:34:33      2           0
    13      9.18734   16:34:33      2           0
    14      9.18825   16:34:34      3           0
    15      9.18909   16:34:34      3           0
    16      9.18968   16:34:34      3           0
    17      9.19022   16:34:34      3           0
    18      9.19061   16:34:34      3           0
    19      9.19096   16:34:34      3           0
    20      9.19122   16:34:35      4           0
    21      9.19144   16:34:35      4           0
    22      9.19161   16:34:35      4           0
    23      9.19176   16:34:35      4           0
    24      9.19187   16:34:35      4           0
    25      9.19196   16:34:36      5           0
[1] "#####################"
[1] "### Trait = Virus ###"
[1] "#####################"
iteration    LogLik     wall    cpu(sec)   restrained
    1      6.9732   16:34:36      0           0
    2      8.85111   16:34:36      0           0
    3      10.0703   16:34:37      1           0
    4      10.2261   16:34:37      1           0
    5      10.2297   16:34:37      1           0
    6      10.23   16:34:37      1           0
    7      10.23   16:34:37      1           0
[1] "#############################################"
[1] "### Analyzing YEN = 2023:Burlington:AYND1 ###"
[1] "#############################################"
[1] "##################"
[1] "### Trait = GY ###"
[1] "##################"
iteration    LogLik     wall    cpu(sec)   restrained
    1      14.8531   16:34:38      0           0
    2      15.186   16:34:38      0           0
    3      15.2115   16:34:38      0           0
    4      15.2117   16:34:38      0           0
    5      15.2117   16:34:39      1           0
[1] "##################"
[1] "### Trait = TW ###"
[1] "##################"
iteration    LogLik     wall    cpu(sec)   restrained
    1      -8.35067   16:34:39      0           0
    2      -8.34388   16:34:39      0           0
    3      -8.33851   16:34:40      1           0
    4      -8.33542   16:34:40      1           0
    5      -8.33429   16:34:40      1           0
    6      -8.33386   16:34:40      1           0
    7      -8.3337   16:34:40      1           0
    8      -8.33364   16:34:41      2           0
[1] "#####################"
[1] "### Trait = Virus ###"
[1] "#####################"
iteration    LogLik     wall    cpu(sec)   restrained
    1      16.9627   16:34:41      0           0
    2      17.5426   16:34:41      0           0
    3      17.571   16:34:42      1           0
    4      17.5711   16:34:42      1           0
[1] "##########################################"
[1] "### Analyzing YEN = 2023:Akron:WSS AYN ###"
[1] "##########################################"
[1] "##################"
[1] "### Trait = GY ###"
[1] "##################"
iteration    LogLik     wall    cpu(sec)   restrained
    1      -7.38644   16:34:42      0           0
    2      -7.38011   16:34:42      0           0
    3      -7.37893   16:34:42      0           0
    4      -7.3789   16:34:42      0           0
[1] "#####################"
[1] "### Trait = Virus ###"
[1] "#####################"
iteration    LogLik     wall    cpu(sec)   restrained
    1      11.6655   16:34:42      0           0
    2      11.681   16:34:42      0           0
    3      11.6812   16:34:42      0           0
    4      11.6812   16:34:42      0           0
[1] "###########################################"
[1] "### Analyzing YEN = 2023:Burlington:PYN ###"
[1] "###########################################"
[1] "##################"
[1] "### Trait = GY ###"
[1] "##################"
iteration    LogLik     wall    cpu(sec)   restrained
    1      -28.9027   16:34:46      3           0
    2      -26.8665   16:34:49      6           0
    3      -26.686   16:34:51      8           0
    4      -26.6852   16:34:54      11           0
    5      -26.6852   16:34:56      13           0
[1] "##################"
[1] "### Trait = TW ###"
[1] "##################"
iteration    LogLik     wall    cpu(sec)   restrained
    1      0.247156   16:35:2      3           0
    2      13.2404   16:35:4      5           0
    3      13.2667   16:35:7      8           0
    4      13.2668   16:35:10      11           0
[1] "#####################"
[1] "### Trait = Virus ###"
[1] "#####################"
iteration    LogLik     wall    cpu(sec)   restrained
    1      -11.8501   16:35:15      3           0
    2      -11.6159   16:35:18      6           0
    3      -11.5691   16:35:21      9           0
    4      -11.5665   16:35:23      11           0
    5      -11.5665   16:35:26      14           0
[1] "######################################"
[1] "### Analyzing YEN = 2023:Akron:WSS ###"
[1] "######################################"
[1] "##################"
[1] "### Trait = GY ###"
[1] "##################"
iteration    LogLik     wall    cpu(sec)   restrained
    1      -17.0636   16:35:28      0           0
    2      -13.8956   16:35:29      1           0
    3      -13.5013   16:35:29      1           0
    4      -13.4939   16:35:29      1           0
    5      -13.4938   16:35:30      2           0
[1] "##################"
[1] "### Trait = TW ###"
[1] "##################"
iteration    LogLik     wall    cpu(sec)   restrained
    1      -8.06381   16:35:31      1           0
    2      -4.39474   16:35:31      1           0
    3      -3.33208   16:35:31      1           0
    4      -3.18268   16:35:32      2           0
    5      -3.17665   16:35:32      2           0
    6      -3.17639   16:35:32      2           0
    7      -3.17637   16:35:33      3           0
[1] "#####################"
[1] "### Trait = Virus ###"
[1] "#####################"
iteration    LogLik     wall    cpu(sec)   restrained
    1      80.6058   16:35:33      0           0
    2      80.8601   16:35:34      1           0
    3      80.9391   16:35:34      1           0
    4      80.9486   16:35:34      1           0
    5      80.9488   16:35:35      2           0
    6      80.9488   16:35:35      2           0
[1] "############################################"
[1] "### Analyzing YEN = 2023:Burlington:SRPN ###"
[1] "############################################"
[1] "##################"
[1] "### Trait = GY ###"
[1] "##################"
iteration    LogLik     wall    cpu(sec)   restrained
    1      -1.87783   16:35:35      0           0
    2      3.31051   16:35:35      0           0
    3      4.36505   16:35:35      0           0
    4      4.44338   16:35:35      0           0
    5      4.44426   16:35:35      0           0
    6      4.44428   16:35:35      0           0
[1] "##################"
[1] "### Trait = TW ###"
[1] "##################"
iteration    LogLik     wall    cpu(sec)   restrained
    1      29.7225   16:35:36      0           0
    2      31.9934   16:35:36      0           0
    3      32.9238   16:35:36      0           0
    4      33.0734   16:35:36      0           0
    5      33.0786   16:35:36      0           0
    6      33.0788   16:35:36      0           0
    7      33.0788   16:35:36      0           0
[1] "#####################"
[1] "### Trait = Virus ###"
[1] "#####################"
iteration    LogLik     wall    cpu(sec)   restrained
    1      23.1294   16:35:36      0           0
    2      23.2102   16:35:36      0           0
    3      23.2238   16:35:36      0           0
    4      23.224   16:35:36      0           0
    5      23.224   16:35:36      0           0
[1] "#######################################"
[1] "### Analyzing YEN = 2023:Akron:SST1 ###"
[1] "#######################################"
[1] "##################"
[1] "### Trait = GY ###"
[1] "##################"
[1] "##################"
[1] "### Trait = TW ###"
[1] "##################"
[1] "#####################"
[1] "### Trait = Virus ###"
[1] "#####################"
iteration    LogLik     wall    cpu(sec)   restrained
    1      12.9101   16:35:36      0           0
    2      12.9101   16:35:36      0           0
    3      12.9101   16:35:36      0           0
    4      12.9101   16:35:36      0           0
[1] "###########################################"
[1] "### Analyzing YEN = 2023:Akron:Bulk SF2 ###"
[1] "###########################################"
[1] "#####################"
[1] "### Trait = Virus ###"
[1] "#####################"
[1] "############################################"
[1] "### Analyzing YEN = 2023:Burlington:UVPT ###"
[1] "############################################"
[1] "##################"
[1] "### Trait = GY ###"
[1] "##################"
iteration    LogLik     wall    cpu(sec)   restrained
    1      12.1764   16:35:36      0           0
    2      12.2061   16:35:36      0           0
    3      12.2214   16:35:36      0           0
    4      12.2253   16:35:36      0           0
    5      12.2257   16:35:36      0           0
    6      12.2257   16:35:36      0           0
[1] "##################"
[1] "### Trait = TW ###"
[1] "##################"
iteration    LogLik     wall    cpu(sec)   restrained
    1      -14.8179   16:35:36      0           0
    2      -8.53974   16:35:36      0           0
    3      -7.29288   16:35:36      0           0
    4      -7.28803   16:35:36      0           0
    5      -7.28677   16:35:36      0           0
    6      -7.28649   16:35:36      0           0
    7      -7.28642   16:35:36      0           0
[1] "#####################"
[1] "### Trait = Virus ###"
[1] "#####################"
iteration    LogLik     wall    cpu(sec)   restrained
    1      5.27797   16:35:37      0           1
    2      5.39207   16:35:37      0           1
    3      5.39207   16:35:37      0           1
    4      5.39207   16:35:37      0           1
[1] "############################################"
[1] "### Analyzing YEN = 2024:Akron:CSU Elite ###"
[1] "############################################"
[1] "##################"
[1] "### Trait = GY ###"
[1] "##################"
iteration    LogLik     wall    cpu(sec)   restrained
    1      -17.1786   16:35:37      0           0
    2      -15.8631   16:35:37      0           0
    3      -15.8517   16:35:37      0           0
    4      -15.851   16:35:37      0           0
    5      -15.8506   16:35:37      0           0
    6      -15.8504   16:35:37      0           0
    7      -15.8502   16:35:37      0           0
    8      -15.8502   16:35:37      0           0
[1] "##################"
[1] "### Trait = TW ###"
[1] "##################"
iteration    LogLik     wall    cpu(sec)   restrained
    1      -11.4303   16:35:37      0           0
    2      -7.77568   16:35:37      0           0
    3      -6.34005   16:35:37      0           0
    4      -6.2551   16:35:37      0           0
    5      -6.25404   16:35:37      0           0
    6      -6.25402   16:35:37      0           0
[1] "#####################"
[1] "### Trait = Virus ###"
[1] "#####################"
iteration    LogLik     wall    cpu(sec)   restrained
    1      -11.8253   16:35:37      0           0
    2      -11.4114   16:35:37      0           0
    3      -11.1987   16:35:37      0           0
    4      -11.1212   16:35:37      0           0
    5      -11.102   16:35:37      0           0
    6      -11.0963   16:35:37      0           0
    7      -11.0945   16:35:37      0           0
    8      -11.0939   16:35:37      0           0
    9      -11.0937   16:35:37      0           0
    10      -11.0936   16:35:37      0           0
[1] "##########################################"
[1] "### Analyzing YEN = 2024:Akron:WSS AYN ###"
[1] "##########################################"
[1] "##################"
[1] "### Trait = GY ###"
[1] "##################"
iteration    LogLik     wall    cpu(sec)   restrained
    1      -11.6298   16:35:38      0           0
    2      -10.9184   16:35:38      0           0
    3      -10.9113   16:35:38      0           0
    4      -10.9112   16:35:38      0           0
    5      -10.9111   16:35:38      0           0
[1] "##################"
[1] "### Trait = TW ###"
[1] "##################"
iteration    LogLik     wall    cpu(sec)   restrained
    1      3.75042   16:35:38      0           0
    2      6.83399   16:35:38      0           0
    3      6.90602   16:35:38      0           0
    4      6.90983   16:35:38      0           0
    5      6.91166   16:35:38      0           0
    6      6.9125   16:35:38      0           0
    7      6.91289   16:35:38      0           0
    8      6.91307   16:35:38      0           0
    9      6.91315   16:35:38      0           0
[1] "#####################"
[1] "### Trait = Virus ###"
[1] "#####################"
iteration    LogLik     wall    cpu(sec)   restrained
    1      1.33057   16:35:38      0           0
    2      1.34906   16:35:38      0           1
    3      1.35358   16:35:38      0           1
    4      1.35358   16:35:38      0           1
[1] "######################################"
[1] "### Analyzing YEN = 2024:Akron:WSS ###"
[1] "######################################"
[1] "##################"
[1] "### Trait = GY ###"
[1] "##################"
iteration    LogLik     wall    cpu(sec)   restrained
    1      -9.86676   16:35:40      2           0
    2      -9.03293   16:35:41      3           0
    3      -8.9177   16:35:42      4           0
    4      -8.91525   16:35:43      5           0
    5      -8.91524   16:35:44      6           0
[1] "##################"
[1] "### Trait = TW ###"
[1] "##################"
iteration    LogLik     wall    cpu(sec)   restrained
    1      5.05268   16:35:47      2           0
    2      5.27091   16:35:48      3           0
    3      5.2901   16:35:49      4           0
    4      5.29016   16:35:50      5           0
[1] "#####################"
[1] "### Trait = Virus ###"
[1] "#####################"
iteration    LogLik     wall    cpu(sec)   restrained
    1      10.3236   16:35:52      1           0
    2      10.3354   16:35:53      2           1
    3      10.3376   16:35:54      3           1
    4      10.3376   16:35:55      4           1
[1] "##########################################"
[1] "### Analyzing YEN = 2024:Akron:WSS ACC ###"
[1] "##########################################"
[1] "##################"
[1] "### Trait = GY ###"
[1] "##################"
iteration    LogLik     wall    cpu(sec)   restrained
    1      7.36589   16:35:57      0           0
    2      7.72401   16:35:57      0           0
    3      7.88863   16:35:57      0           0
    4      7.93482   16:35:57      0           0
    5      7.94267   16:35:57      0           0
    6      7.94433   16:35:57      0           0
    7      7.94472   16:35:57      0           0
    8      7.94481   16:35:57      0           0
[1] "##################"
[1] "### Trait = TW ###"
[1] "##################"
iteration    LogLik     wall    cpu(sec)   restrained
    1      12.0795   16:35:57      0           0
    2      12.1935   16:35:57      0           0
    3      12.2831   16:35:57      0           0
    4      12.3425   16:35:57      0           0
    5      12.3718   16:35:57      0           0
    6      12.3875   16:35:57      0           0
    7      12.3963   16:35:57      0           0
    8      12.4013   16:35:57      0           0
    9      12.4043   16:35:58      1           0
    10      12.4061   16:35:58      1           0
    11      12.4071   16:35:58      1           0
    12      12.4077   16:35:58      1           0
    13      12.4081   16:35:58      1           0
    14      12.4083   16:35:58      1           0
    15      12.4085   16:35:58      1           0
    16      12.4086   16:35:58      1           0
[1] "#####################"
[1] "### Trait = Virus ###"
[1] "#####################"
iteration    LogLik     wall    cpu(sec)   restrained
    1      21.0092   16:35:58      0           1
    2      21.1403   16:35:58      0           1
    3      21.1403   16:35:58      0           1
    4      21.1403   16:35:58      0           1
[1] "#######################################"
[1] "### Analyzing YEN = 2024:Akron:SRPN ###"
[1] "#######################################"
[1] "##################"
[1] "### Trait = GY ###"
[1] "##################"
iteration    LogLik     wall    cpu(sec)   restrained
    1      2.86438   16:35:58      0           0
    2      3.07724   16:35:58      0           0
    3      3.16155   16:35:58      0           0
    4      3.1799   16:35:58      0           0
    5      3.18155   16:35:58      0           0
    6      3.1817   16:35:58      0           0
    7      3.18172   16:35:58      0           0
[1] "##################"
[1] "### Trait = TW ###"
[1] "##################"
iteration    LogLik     wall    cpu(sec)   restrained
    1      46.5536   16:35:58      0           0
    2      54.261   16:35:58      0           0
    3      54.312   16:35:58      0           0
    4      54.312   16:35:58      0           0
[1] "#####################"
[1] "### Trait = Virus ###"
[1] "#####################"
iteration    LogLik     wall    cpu(sec)   restrained
    1      6.45034   16:35:59      1           0
    2      6.47808   16:35:59      1           0
    3      6.4899   16:35:59      1           0
    4      6.49213   16:35:59      1           0
    5      6.49226   16:35:59      1           1
    6      6.49226   16:35:59      1           1
[1] "##########################################"
[1] "### Analyzing YEN = 2024:Akron:Bulk SF ###"
[1] "##########################################"
[1] "##################"
[1] "### Trait = GY ###"
[1] "##################"
iteration    LogLik     wall    cpu(sec)   restrained
    1      -20.3424   16:35:59      0           0
    2      -20.3391   16:35:59      0           0
    3      -20.3374   16:35:59      0           0
    4      -20.3369   16:36:0      1           0
    5      -20.3368   16:36:0      1           0
[1] "##################"
[1] "### Trait = TW ###"
[1] "##################"
iteration    LogLik     wall    cpu(sec)   restrained
    1      -16.1977   16:36:1      1           1
    2      -16.0918   16:36:1      1           1
    3      -16.0918   16:36:1      1           1
    4      -16.0918   16:36:1      1           1
[1] "#####################"
[1] "### Trait = Virus ###"
[1] "#####################"
iteration    LogLik     wall    cpu(sec)   restrained
    1      -19.1457   16:36:2      0           0
    2      -19.1034   16:36:2      0           1
    3      -19.1006   16:36:2      0           1
    4      -19.1006   16:36:3      1           1
[1] "#######################################"
[1] "### Analyzing YEN = 2024:Akron:SST1 ###"
[1] "#######################################"
[1] "##################"
[1] "### Trait = GY ###"
[1] "##################"
iteration    LogLik     wall    cpu(sec)   restrained
    1      -36.6357   16:36:3      0           0
    2      -20.1872   16:36:3      0           0
    3      -19.9264   16:36:3      0           0
    4      -19.9257   16:36:3      0           0
    5      -19.9257   16:36:3      0           0
[1] "##################"
[1] "### Trait = TW ###"
[1] "##################"
iteration    LogLik     wall    cpu(sec)   restrained
    1      -3.0989   16:36:3      0           0
    2      5.78344   16:36:3      0           0
    3      6.17236   16:36:3      0           0
    4      6.18075   16:36:3      0           0
    5      6.18076   16:36:3      0           0
[1] "#####################"
[1] "### Trait = Virus ###"
[1] "#####################"
iteration    LogLik     wall    cpu(sec)   restrained
    1      16.534   16:36:3      0           0
    2      18.058   16:36:3      0           0
    3      18.6824   16:36:3      0           0
    4      18.7431   16:36:3      0           0
    5      18.7431   16:36:3      0           0
[1] "#######################################"
[1] "### Analyzing YEN = 2024:Akron:UVPT ###"
[1] "#######################################"
[1] "##################"
[1] "### Trait = GY ###"
[1] "##################"
iteration    LogLik     wall    cpu(sec)   restrained
    1      -5.25875   16:36:4      0           0
    2      6.61088   16:36:4      0           0
    3      6.98128   16:36:4      0           0
    4      6.98563   16:36:4      0           0
    5      6.98567   16:36:4      0           0
[1] "##################"
[1] "### Trait = TW ###"
[1] "##################"
iteration    LogLik     wall    cpu(sec)   restrained
    1      27.363   16:36:4      0           0
    2      44.083   16:36:4      0           0
    3      45.9441   16:36:4      0           0
    4      45.9449   16:36:4      0           0
    5      45.945   16:36:4      0           0
[1] "#####################"
[1] "### Trait = Virus ###"
[1] "#####################"
iteration    LogLik     wall    cpu(sec)   restrained
    1      49.4598   16:36:4      0           0
    2      49.579   16:36:4      0           0
    3      49.6065   16:36:4      0           0
    4      49.608   16:36:4      0           0
    5      49.608   16:36:4      0           0
[1] "############################################"
[1] "### Analyzing YEN = 2025:Julesburg:AYND1 ###"
[1] "############################################"
[1] "##################"
[1] "### Trait = GY ###"
[1] "##################"
iteration    LogLik     wall    cpu(sec)   restrained
    1      -1.52606   16:36:4      0           0
    2      -0.955187   16:36:5      1           0
    3      -0.929627   16:36:5      1           0
    4      -0.929589   16:36:5      1           0
[1] "##################"
[1] "### Trait = TW ###"
[1] "##################"
iteration    LogLik     wall    cpu(sec)   restrained
    1      -13.3659   16:36:6      1           0
    2      -12.846   16:36:6      1           0
    3      -12.8085   16:36:6      1           0
    4      -12.8084   16:36:6      1           0
    5      -12.8084   16:36:6      1           0
[1] "#####################"
[1] "### Trait = Virus ###"
[1] "#####################"
[1] "########################################"
[1] "### Analyzing YEN = 2025:Walsh:AYND1 ###"
[1] "########################################"
[1] "##################"
[1] "### Trait = GY ###"
[1] "##################"
iteration    LogLik     wall    cpu(sec)   restrained
    1      -15.8552   16:36:7      0           0
    2      -14.8848   16:36:7      0           0
    3      -14.8393   16:36:7      0           0
    4      -14.8382   16:36:7      0           0
    5      -14.8382   16:36:8      1           0
[1] "##################"
[1] "### Trait = TW ###"
[1] "##################"
iteration    LogLik     wall    cpu(sec)   restrained
    1      -9.33673   16:36:8      0           0
    2      -8.08843   16:36:8      0           0
    3      -8.06   16:36:9      1           0
    4      -8.05997   16:36:9      1           0
[1] "#####################"
[1] "### Trait = Virus ###"
[1] "#####################"
iteration    LogLik     wall    cpu(sec)   restrained
    1      19.7331   16:36:9      0           0
    2      20.2918   16:36:10      1           0
    3      20.483   16:36:10      1           0
    4      20.5052   16:36:10      1           0
    5      20.5056   16:36:10      1           0
    6      20.5056   16:36:10      1           0
[1] "############################################"
[1] "### Analyzing YEN = 2025:Akron:CSU Elite ###"
[1] "############################################"
[1] "##################"
[1] "### Trait = GY ###"
[1] "##################"
iteration    LogLik     wall    cpu(sec)   restrained
    1      -16.6532   16:36:11      0           0
    2      -13.5014   16:36:11      0           0
    3      -13.3008   16:36:11      0           0
    4      -13.2947   16:36:11      0           0
    5      -13.2931   16:36:11      0           0
    6      -13.2927   16:36:11      0           0
    7      -13.2926   16:36:11      0           0
    8      -13.2925   16:36:11      0           0
[1] "##################"
[1] "### Trait = TW ###"
[1] "##################"
iteration    LogLik     wall    cpu(sec)   restrained
    1      3.34293   16:36:11      0           0
    2      15.0986   16:36:11      0           1
    3      16.381   16:36:11      0           1
    4      16.381   16:36:11      0           1
[1] "#####################"
[1] "### Trait = Virus ###"
[1] "#####################"
iteration    LogLik     wall    cpu(sec)   restrained
    1      5.3153   16:36:12      0           0
    2      5.63223   16:36:12      0           0
    3      5.65187   16:36:12      0           0
    4      5.65187   16:36:12      0           0
[1] "################################################"
[1] "### Analyzing YEN = 2025:Julesburg:CSU Elite ###"
[1] "################################################"
[1] "##################"
[1] "### Trait = GY ###"
[1] "##################"
iteration    LogLik     wall    cpu(sec)   restrained
    1      -21.636   16:36:12      0           0
    2      -15.7052   16:36:12      0           0
    3      -15.7036   16:36:12      0           0
    4      -15.7036   16:36:12      0           0
[1] "##################"
[1] "### Trait = TW ###"
[1] "##################"
iteration    LogLik     wall    cpu(sec)   restrained
    1      -10.8073   16:36:12      0           0
    2      -7.94693   16:36:12      0           0
    3      -7.94658   16:36:12      0           0
    4      -7.94657   16:36:12      0           0
[1] "#####################"
[1] "### Trait = Virus ###"
[1] "#####################"
[1] "############################################"
[1] "### Analyzing YEN = 2025:Walsh:CSU Elite ###"
[1] "############################################"
[1] "##################"
[1] "### Trait = GY ###"
[1] "##################"
iteration    LogLik     wall    cpu(sec)   restrained
    1      -21.5731   16:36:12      0           0
    2      -21.5625   16:36:12      0           0
    3      -21.5522   16:36:12      0           0
    4      -21.5444   16:36:12      0           0
    5      -21.5402   16:36:12      0           0
    6      -21.538   16:36:12      0           0
    7      -21.5368   16:36:12      0           0
    8      -21.5361   16:36:12      0           0
    9      -21.5358   16:36:12      0           0
    10      -21.5356   16:36:13      1           0
    11      -21.5355   16:36:13      1           0
    12      -21.5354   16:36:13      1           0
[1] "##################"
[1] "### Trait = TW ###"
[1] "##################"
iteration    LogLik     wall    cpu(sec)   restrained
    1      -5.13509   16:36:13      0           1
    2      -5.07301   16:36:13      0           1
    3      -5.07301   16:36:13      0           1
    4      -5.07301   16:36:13      0           1
[1] "#####################"
[1] "### Trait = Virus ###"
[1] "#####################"
iteration    LogLik     wall    cpu(sec)   restrained
    1      27.8422   16:36:13      0           0
    2      27.8424   16:36:13      0           0
    3      27.8425   16:36:13      0           0
    4      27.8426   16:36:13      0           0
[1] "##########################################"
[1] "### Analyzing YEN = 2025:Akron:WSS AYN ###"
[1] "##########################################"
[1] "##################"
[1] "### Trait = GY ###"
[1] "##################"
iteration    LogLik     wall    cpu(sec)   restrained
    1      -8.99606   16:36:13      0           0
    2      -5.22595   16:36:13      0           0
    3      -5.02867   16:36:13      0           0
    4      -5.02813   16:36:13      0           0
    5      -5.02807   16:36:13      0           0
[1] "##################"
[1] "### Trait = TW ###"
[1] "##################"
iteration    LogLik     wall    cpu(sec)   restrained
    1      4.78636   16:36:13      0           0
    2      4.78696   16:36:13      0           0
    3      4.78719   16:36:13      0           0
    4      4.78722   16:36:13      0           0
[1] "#####################"
[1] "### Trait = Virus ###"
[1] "#####################"
iteration    LogLik     wall    cpu(sec)   restrained
    1      17.1443   16:36:14      0           0
    2      18.5049   16:36:14      0           0
    3      18.7795   16:36:14      0           0
    4      18.8066   16:36:14      0           0
    5      18.8076   16:36:14      0           0
    6      18.8076   16:36:14      0           0
[1] "######################################"
[1] "### Analyzing YEN = 2025:Walsh:AYN ###"
[1] "######################################"
[1] "##################"
[1] "### Trait = GY ###"
[1] "##################"
iteration    LogLik     wall    cpu(sec)   restrained
    1      -12.3045   16:36:14      0           0
    2      -10.1289   16:36:14      0           0
    3      -10.0139   16:36:15      1           0
    4      -10.0139   16:36:15      1           0
[1] "##################"
[1] "### Trait = TW ###"
[1] "##################"
iteration    LogLik     wall    cpu(sec)   restrained
    1      12.9646   16:36:15      0           0
    2      17.0527   16:36:16      1           0
    3      17.1145   16:36:16      1           0
    4      17.1158   16:36:16      1           0
    5      17.1163   16:36:16      1           0
    6      17.1164   16:36:16      1           0
    7      17.1164   16:36:16      1           0
[1] "#####################"
[1] "### Trait = Virus ###"
[1] "#####################"
iteration    LogLik     wall    cpu(sec)   restrained
    1      26.9993   16:36:17      0           1
    2      27.3639   16:36:17      0           1
    3      27.3639   16:36:17      0           1
    4      27.3639   16:36:18      1           1
[1] "##########################################"
[1] "### Analyzing YEN = 2025:Julesburg:AYN ###"
[1] "##########################################"
[1] "##################"
[1] "### Trait = GY ###"
[1] "##################"
iteration    LogLik     wall    cpu(sec)   restrained
    1      -20.5445   16:36:18      0           0
    2      -18.2351   16:36:18      0           0
    3      -17.1322   16:36:19      1           0
    4      -16.6928   16:36:19      1           0
    5      -16.5811   16:36:19      1           0
    6      -16.5531   16:36:19      1           0
    7      -16.5465   16:36:19      1           0
    8      -16.545   16:36:19      1           0
    9      -16.5447   16:36:20      2           0
    10      -16.5446   16:36:20      2           0
[1] "##################"
[1] "### Trait = TW ###"
[1] "##################"
iteration    LogLik     wall    cpu(sec)   restrained
    1      -23.2439   16:36:20      0           0
    2      -21.3165   16:36:21      1           0
    3      -21.2913   16:36:21      1           0
    4      -21.2898   16:36:21      1           0
    5      -21.2888   16:36:21      1           0
    6      -21.2883   16:36:21      1           0
    7      -21.2879   16:36:22      2           0
    8      -21.2877   16:36:22      2           0
    9      -21.2876   16:36:22      2           0
    10      -21.2875   16:36:22      2           0
[1] "#####################"
[1] "### Trait = Virus ###"
[1] "#####################"
[1] "######################################"
[1] "### Analyzing YEN = 2025:Akron:WSS ###"
[1] "######################################"
[1] "##################"
[1] "### Trait = GY ###"
[1] "##################"
iteration    LogLik     wall    cpu(sec)   restrained
    1      -26.3753   16:36:23      0           0
    2      -17.644   16:36:23      0           0
    3      -17.6426   16:36:24      1           0
    4      -17.6425   16:36:24      1           0
[1] "##################"
[1] "### Trait = TW ###"
[1] "##################"
iteration    LogLik     wall    cpu(sec)   restrained
    1      3.39553   16:36:25      0           0
    2      12.9427   16:36:25      0           0
    3      14.781   16:36:25      0           0
    4      15.0165   16:36:26      1           0
    5      15.0389   16:36:26      1           0
    6      15.0414   16:36:26      1           0
    7      15.0416   16:36:26      1           0
    8      15.0417   16:36:26      1           0
[1] "#####################"
[1] "### Trait = Virus ###"
[1] "#####################"
iteration    LogLik     wall    cpu(sec)   restrained
    1      34.7843   16:36:27      0           0
    2      34.7895   16:36:28      1           0
    3      34.7897   16:36:28      1           0
    4      34.7897   16:36:28      1           0
[1] "##########################################"
[1] "### Analyzing YEN = 2025:Julesburg:PYN ###"
[1] "##########################################"
[1] "##################"
[1] "### Trait = GY ###"
[1] "##################"
iteration    LogLik     wall    cpu(sec)   restrained
    1      -62.9621   16:36:32      3           0
    2      -41.8498   16:36:35      6           0
    3      -40.0839   16:36:37      8           0
    4      -40.0188   16:36:40      11           0
    5      -40.0188   16:36:43      14           0
[1] "##################"
[1] "### Trait = TW ###"
[1] "##################"
iteration    LogLik     wall    cpu(sec)   restrained
    1      -101.779   16:36:48      3           0
    2      -90.4762   16:36:50      5           0
    3      -89.4009   16:36:53      8           0
    4      -89.3303   16:36:55      10           0
    5      -89.3294   16:36:58      13           0
    6      -89.3294   16:37:0      15           0
[1] "#####################"
[1] "### Trait = Virus ###"
[1] "#####################"
[1] "##########################################"
[1] "### Analyzing YEN = 2025:Akron:Bulk SF ###"
[1] "##########################################"
[1] "##################"
[1] "### Trait = GY ###"
[1] "##################"
iteration    LogLik     wall    cpu(sec)   restrained
    1      -2.12936   16:37:3      1           1
    2      -2.02623   16:37:3      1           1
    3      -2.02623   16:37:3      1           1
    4      -2.02623   16:37:3      1           1
[1] "##################"
[1] "### Trait = TW ###"
[1] "##################"
iteration    LogLik     wall    cpu(sec)   restrained
    1      11.0716   16:37:4      0           0
    2      12.5339   16:37:4      0           0
    3      12.7632   16:37:5      1           0
    4      12.764   16:37:5      1           0
    5      12.764   16:37:5      1           0
[1] "#####################"
[1] "### Trait = Virus ###"
[1] "#####################"
iteration    LogLik     wall    cpu(sec)   restrained
    1      8.4103   16:37:6      0           0
    2      9.53507   16:37:6      0           0
    3      9.69282   16:37:6      0           0
    4      9.70477   16:37:7      1           0
    5      9.70482   16:37:7      1           0
[1] "#############################################"
[1] "### Analyzing YEN = 2025:Akron:Q Qual AYN ###"
[1] "#############################################"
[1] "##################"
[1] "### Trait = GY ###"
[1] "##################"
iteration    LogLik     wall    cpu(sec)   restrained
    1      -31.5112   16:37:7      0           0
    2      -1.16769   16:37:7      0           0
    3      -0.162043   16:37:7      0           0
    4      -0.161435   16:37:7      0           0
    5      -0.161388   16:37:7      0           0
[1] "##################"
[1] "### Trait = TW ###"
[1] "##################"
iteration    LogLik     wall    cpu(sec)   restrained
    1      4.15225   16:37:8      0           0
    2      4.63094   16:37:8      0           0
    3      4.79851   16:37:8      0           0
    4      4.81443   16:37:8      0           0
    5      4.81446   16:37:8      0           0
[1] "#####################"
[1] "### Trait = Virus ###"
[1] "#####################"
iteration    LogLik     wall    cpu(sec)   restrained
    1      13.4743   16:37:8      0           1
    2      13.7959   16:37:8      0           1
    3      13.7959   16:37:8      0           1
    4      13.7959   16:37:8      0           1
[1] "###################################################"
[1] "### Analyzing YEN = 2025:Julesburg:Q Qual Elite ###"
[1] "###################################################"
[1] "##################"
[1] "### Trait = GY ###"
[1] "##################"
iteration    LogLik     wall    cpu(sec)   restrained
    1      -15.1804   16:37:8      0           0
    2      -9.73907   16:37:8      0           0
    3      -9.73879   16:37:8      0           0
    4      -9.73878   16:37:8      0           0
[1] "##################"
[1] "### Trait = TW ###"
[1] "##################"
iteration    LogLik     wall    cpu(sec)   restrained
    1      -8.07973   16:37:8      0           0
    2      -4.76959   16:37:8      0           0
    3      -4.76922   16:37:8      0           0
    4      -4.7692   16:37:8      0           0
[1] "#####################"
[1] "### Trait = Virus ###"
[1] "#####################"
[1] "#######################################"
[1] "### Analyzing YEN = 2025:Akron:WSS2 ###"
[1] "#######################################"
[1] "##################"
[1] "### Trait = GY ###"
[1] "##################"
[1] "##################"
[1] "### Trait = TW ###"
[1] "##################"
[1] "#####################"
[1] "### Trait = Virus ###"
[1] "#####################"
[1] "#######################################"
[1] "### Analyzing YEN = 2025:Akron:WSM3 ###"
[1] "#######################################"
[1] "##################"
[1] "### Trait = GY ###"
[1] "##################"
iteration    LogLik     wall    cpu(sec)   restrained
    1      -4.03267   16:37:8      0           0
    2      -3.72984   16:37:8      0           0
    3      -3.64394   16:37:8      0           0
    4      -3.63796   16:37:8      0           0
    5      -3.63796   16:37:8      0           0
[1] "##################"
[1] "### Trait = TW ###"
[1] "##################"
iteration    LogLik     wall    cpu(sec)   restrained
    1      5.44238   16:37:8      0           0
    2      6.13579   16:37:9      1           0
    3      6.72484   16:37:9      1           1
    4      7.14296   16:37:9      1           1
    5      7.14296   16:37:9      1           1
[1] "#####################"
[1] "### Trait = Virus ###"
[1] "#####################"
iteration    LogLik     wall    cpu(sec)   restrained
    1      -0.224377   16:37:9      0           0
    2      0.425561   16:37:9      0           0
    3      0.490748   16:37:9      0           0
    4      0.481123   16:37:9      0           0
[1] "############################################"
[1] "### Analyzing YEN = 2025:Akron:Germplasm ###"
[1] "############################################"
[1] "##################"
[1] "### Trait = GY ###"
[1] "##################"
iteration    LogLik     wall    cpu(sec)   restrained
    1      -0.12978   16:37:9      0           1
    2      -0.116751   16:37:9      0           1
    3      -0.116751   16:37:9      0           1
    4      -0.116751   16:37:9      0           1
[1] "##################"
[1] "### Trait = TW ###"
[1] "##################"
iteration    LogLik     wall    cpu(sec)   restrained
    1      6.55634   16:37:9      0           0
    2      6.6544   16:37:9      0           0
    3      6.72023   16:37:9      0           0
    4      6.74946   16:37:9      0           0
    5      6.75593   16:37:9      0           0
    6      6.75721   16:37:9      0           0
    7      6.75745   16:37:9      0           0
    8      6.75749   16:37:9      0           0
[1] "#####################"
[1] "### Trait = Virus ###"
[1] "#####################"
iteration    LogLik     wall    cpu(sec)   restrained
    1      -4.68066   16:37:9      0           0
    2      -4.65939   16:37:9      0           0
    3      -4.60481   16:37:9      0           0
    4      -4.45009   16:37:9      0           1
    5      -4.31353   16:37:9      0           1
    6      -4.31353   16:37:9      0           1
[1] "#######################################"
[1] "### Analyzing YEN = 2025:Akron:SRPN ###"
[1] "#######################################"
[1] "##################"
[1] "### Trait = GY ###"
[1] "##################"
iteration    LogLik     wall    cpu(sec)   restrained
    1      -10.0646   16:37:9      0           0
    2      -0.191065   16:37:9      0           0
    3      -0.139878   16:37:9      0           0
    4      -0.138953   16:37:9      0           0
    5      -0.138709   16:37:9      0           0
    6      -0.138646   16:37:9      0           0
[1] "##################"
[1] "### Trait = TW ###"
[1] "##################"
iteration    LogLik     wall    cpu(sec)   restrained
    1      24.002   16:37:10      0           0
    2      27.8919   16:37:10      0           0
    3      28.2372   16:37:10      0           0
    4      28.244   16:37:10      0           0
    5      28.2441   16:37:10      0           0
[1] "#####################"
[1] "### Trait = Virus ###"
[1] "#####################"
iteration    LogLik     wall    cpu(sec)   restrained
    1      4.45299   16:37:10      0           0
    2      4.88012   16:37:10      0           0
    3      4.9649   16:37:10      0           0
    4      4.96944   16:37:10      0           0
    5      4.96945   16:37:10      0           0
[1] "###########################################"
[1] "### Analyzing YEN = 2025:Julesburg:SRPN ###"
[1] "###########################################"
[1] "##################"
[1] "### Trait = GY ###"
[1] "##################"
iteration    LogLik     wall    cpu(sec)   restrained
    1      -14.4951   16:37:10      0           0
    2      -13.3684   16:37:10      0           0
    3      -13.3675   16:37:10      0           0
    4      -13.3675   16:37:10      0           0
[1] "##################"
[1] "### Trait = TW ###"
[1] "##################"
iteration    LogLik     wall    cpu(sec)   restrained
    1      2.71095   16:37:10      0           0
    2      4.48804   16:37:10      0           0
    3      4.88645   16:37:10      0           0
    4      4.90417   16:37:10      0           0
    5      4.90418   16:37:10      0           0
[1] "#####################"
[1] "### Trait = Virus ###"
[1] "#####################"
[1] "#######################################"
[1] "### Analyzing YEN = 2025:Walsh:SRPN ###"
[1] "#######################################"
[1] "##################"
[1] "### Trait = GY ###"
[1] "##################"
iteration    LogLik     wall    cpu(sec)   restrained
    1      -25.2751   16:37:10      0           0
    2      -23.6424   16:37:10      0           0
    3      -23.1546   16:37:10      0           0
    4      -23.045   16:37:10      0           0
    5      -23.031   16:37:10      0           0
    6      -23.029   16:37:10      0           0
    7      -23.0287   16:37:10      0           0
    8      -23.0286   16:37:10      0           0
[1] "##################"
[1] "### Trait = TW ###"
[1] "##################"
iteration    LogLik     wall    cpu(sec)   restrained
    1      -7.09461   16:37:11      1           0
    2      -7.04748   16:37:11      1           1
    3      -7.01208   16:37:11      1           1
    4      -7.01208   16:37:11      1           1
[1] "#####################"
[1] "### Trait = Virus ###"
[1] "#####################"
iteration    LogLik     wall    cpu(sec)   restrained
    1      15.557   16:37:11      0           0
    2      16.2931   16:37:11      0           0
    3      16.4868   16:37:11      0           0
    4      16.5043   16:37:11      0           0
    5      16.5045   16:37:11      0           0
    6      16.5045   16:37:11      0           0
[1] "#######################################"
[1] "### Analyzing YEN = 2025:Akron:SST1 ###"
[1] "#######################################"
[1] "##################"
[1] "### Trait = GY ###"
[1] "##################"
iteration    LogLik     wall    cpu(sec)   restrained
    1      -10.4585   16:37:11      0           0
    2      -4.37737   16:37:11      0           0
    3      -4.17791   16:37:11      0           0
    4      -4.17771   16:37:11      0           0
    5      -4.17769   16:37:11      0           0
[1] "##################"
[1] "### Trait = TW ###"
[1] "##################"
iteration    LogLik     wall    cpu(sec)   restrained
    1      20.5022   16:37:11      0           0
    2      20.5093   16:37:11      0           0
    3      20.5123   16:37:11      0           0
    4      20.5129   16:37:11      0           0
    5      20.5129   16:37:11      0           0
[1] "#####################"
[1] "### Trait = Virus ###"
[1] "#####################"
iteration    LogLik     wall    cpu(sec)   restrained
    1      -5.41943   16:37:11      0           0
    2      -5.40393   16:37:11      0           0
    3      -5.40332   16:37:11      0           0
    4      -5.40331   16:37:11      0           0
[1] "#######################################"
[1] "### Analyzing YEN = 2025:Akron:UVPT ###"
[1] "#######################################"
[1] "#####################"
[1] "### Trait = Virus ###"
[1] "#####################"
iteration    LogLik     wall    cpu(sec)   restrained
    1      43.9492   16:37:11      0           0
    2      43.9651   16:37:11      0           0
    3      43.9683   16:37:11      0           0
    4      43.9684   16:37:11      0           0
    5      43.9684   16:37:11      0           0
[1] "#######################################"
[1] "### Analyzing YEN = 2025:Walsh:UVPT ###"
[1] "#######################################"
[1] "#####################"
[1] "### Trait = Virus ###"
[1] "#####################"
iteration    LogLik     wall    cpu(sec)   restrained
    1      37.6679   16:37:11      0           0
    2      38.9606   16:37:11      0           0
    3      39.0388   16:37:11      0           0
    4      39.0391   16:37:11      0           0
    5      39.0391   16:37:11      0           0
[1] "############################"
[1] "### Analyzing Trait = GY ###"
[1] "############################"
[1] "###############################################"
[1] "### System Time = 2025-12-03 16:37:11.97985 ###"
[1] "###############################################"
iteration    LogLik     wall    cpu(sec)   restrained
    1      268.826   17:46:50      4177           0
    2      280.874   18:41:29      7456           0
    3      297.339   19:36:17      10744           0
    4      307.872   20:31:22      14049           0
    5      308.302   21:26:26      17353           0
    6      308.306   22:21:30      20657           0
    7      308.306   23:16:47      23974           0
[1] "################################################"
[1] "### System Time = 2025-12-03 23:48:16.004275 ###"
[1] "################################################"
[1] "############################"
[1] "### Analyzing Trait = TW ###"
[1] "############################"
[1] "################################################"
[1] "### System Time = 2025-12-03 23:48:22.643225 ###"
[1] "################################################"
iteration    LogLik     wall    cpu(sec)   restrained
    1      652.631   0:51:28      3785           0
    2      918.779   1:41:35      6792           0
    3      927.782   2:31:26      9783           0
    4      928.143   3:21:43      12800           0
    5      928.145   4:12:2      15819           0
    6      928.145   5:2:21      18838           0
[1] "################################################"
[1] "### System Time = 2025-12-04 05:31:01.254719 ###"
[1] "################################################"
[1] "###############################"
[1] "### Analyzing Trait = Virus ###"
[1] "###############################"
[1] "################################################"
[1] "### System Time = 2025-12-04 05:31:07.734181 ###"
[1] "################################################"
iteration    LogLik     wall    cpu(sec)   restrained
    1      -122.474   6:16:30      2722           0
    2      -120.733   6:52:40      4892           0
    3      -120.323   7:28:52      7064           0
    4      -120.28   8:5:3      9235           0
    5      -120.279   8:41:14      11406           0
    6      -120.279   9:17:31      13583           0
[1] "################################################"
[1] "### System Time = 2025-12-04 09:38:50.902441 ###"
[1] "################################################"
null device 
          1 
ped stats and snps stats have been set. 
'p' has been set. 
'mu' and 'sigma' have been set.
[1] "###############################################"
[1] "### System Time = 2025-12-04 09:44:07.97154 ###"
[1] "###############################################"
[1] "################################################"
[1] "### System Time = 2025-12-04 10:19:30.598166 ###"
[1] "################################################"
[1] "############################"
[1] "### Analyzing Trait = GY ###"
[1] "############################"
[1] "################################################"
[1] "### System Time = 2025-12-04 10:19:34.766893 ###"
[1] "################################################"
[1] 236896.260917 236896.260917 -30745.896112      1.131655
[1]  89737.932670 312753.503346 -30695.245668      1.059335
[1]  91530.337008 331967.697891 -30695.178641      1.003197
[1]  90983.787863 333475.349144 -30695.174669      1.000014
[1]  90846.97 333554.40 -30695.17      1.00
[1] "################################################"
[1] "### System Time = 2025-12-04 10:26:12.669408 ###"
[1] "################################################"
[1] "############################"
[1] "### Analyzing Trait = TW ###"
[1] "############################"
[1] "################################################"
[1] "### System Time = 2025-12-04 10:26:12.670143 ###"
[1] "################################################"
[1]     3.360864     3.360864 -8512.946221     1.043873
[1]     2.072364     3.939923 -8496.258915     1.018713
[1]     2.070025     4.029928 -8496.231020     1.000362
[1]     2.063477     4.034614 -8496.230138     1.000001
[1]     2.062364     4.035112 -8496.230117     1.000000
[1] "###############################################"
[1] "### System Time = 2025-12-04 10:32:07.04631 ###"
[1] "###############################################"
[1] "###############################"
[1] "### Analyzing Trait = Virus ###"
[1] "###############################"
[1] "################################################"
[1] "### System Time = 2025-12-04 10:32:07.047089 ###"
[1] "################################################"
[1]     0.3743827     0.3743827 -3386.4385825     0.7461238
[1]  1.028431e-02  3.200350e-01 -3.729024e+03  1.616281e+00
[1]  2.773714e-02  3.699521e-01 -3.569362e+03  1.223894e+00
[1]  6.477897e-02  3.533361e-01 -3.436786e+03  1.101611e+00
[1]     0.1204481     0.3292440 -3381.4764965     1.0451217
[1]     0.1680722     0.3169554 -3371.3228677     1.0108405
[1]     0.1815407     0.3148723 -3370.9685712     1.0005271
[1]     0.1815877     0.3150597 -3370.9685661     1.0000003
[1] "###############################################"
[1] "### System Time = 2025-12-04 10:37:24.90918 ###"
[1] "###############################################"
[1] "################################################"
[1] "### System Time = 2025-12-04 10:38:07.568227 ###"
[1] "################################################"
[1] "################################################"
[1] "### System Time = 2025-12-04 10:40:47.884118 ###"
[1] "################################################"
[1] "###############################"
[1] "### Analyzing Trait = Virus ###"
[1] "###############################"
[1] "################################################"
[1] "### System Time = 2025-12-04 10:40:49.260896 ###"
[1] "################################################"
[1]     0.010000 -2587.404039     1.003033
[1]     0.1702483 -2523.9338355     0.8618870
[1]     0.5094730 -2469.9064981     0.7329391
[1]     0.8646880 -2445.0120409     0.6622549
[1]     0.9311019 -2441.9438258     0.6522375
[1]     0.9137499 -2442.7111894     0.6547850
[1]     0.9191449 -2442.4701082     0.6539879
[1]     0.9175324 -2442.5419261     0.6542256
[1]     0.9180205 -2442.5201656     0.6541536
[1]     0.9178733 -2442.5267259     0.6541753
[1]     0.9178733 -2519.2401786     0.6148906
[1]     1.2638257 -2498.4991595     0.5683718
[1]     1.2521275 -2499.0857350     0.5697301
[1]     1.2553567 -2498.9231439     0.5693539
[1]     1.2544846 -2498.9670063     0.5694554
[1]     1.2547216 -2498.9550833     0.5694278
[1]     1.254722 -2620.851984     0.604497
[1]     1.5302976 -2608.1768251     0.5747097
[1]     1.5015278 -2609.3726901     0.5775672
[1]     1.5085457 -2609.0785211     0.5768653
[1]     1.5069184 -2609.1465914     0.5770278
[1]     1.5073006 -2609.1305956     0.5769896
[1]     1.5073006 -2653.2521578     0.5857489
[1]     1.6254846 -2648.4212867     0.5743222
[1]     1.6052740 -2649.2191980     0.5762191
[1]     1.6097299 -2649.0423184     0.5757989
[1]     1.6087826 -2649.0798740     0.5758882
[1]     1.608986 -2649.071822     0.575869
[1]     1.6089857 -2661.4998998     0.5776908
[1]     1.6451404 -2660.0731676     0.5743191
[1]     1.6380825 -2660.3489677     0.5749717
[1]     1.6395603 -2660.2911130     0.5748349
[1]     1.6392549 -2660.3030651     0.5748631
[1]     1.6392549 -2663.5004052     0.5752639
[1]     1.6489004 -2663.1233066     0.5743732
[1]     1.6469504 -2663.1993472     0.5745529
[1]     1.6473519 -2663.1836845     0.5745159
[1]     1.6473519 -2663.9994556     0.5746119
[1]     1.6497352 -2663.9065032     0.5743924
[1]     1.6492490 -2663.9254542     0.5744372
[1]     1.649249 -2664.114251     0.574459
[1]     1.6499203 -2664.0880803     0.5743972
[1]     1.6497831 -2664.0934297     0.5744098
[1]     1.6497831 -2664.1463813     0.5744159
[1]     1.6499717 -2664.1390316     0.5743985
[1]     1.6499717 -2664.1577123     0.5744007
[1] "################################################"
[1] "### System Time = 2025-12-04 10:41:41.532292 ###"
[1] "################################################"
